// Jest Snapshot v1, https://goo.gl/fbAQLP

exports[`Errors Validation Error 1`] = `
"Validation Error

Bundle Loader Invalid Options

options.name should be string
"
`;
